2025-09-17 17:09:27,123 - INFO - context_portal_mcp.main - File logging configured to: /Users/matthewgill/Artemis/learning-platform-api/context_portal/./logs/conport.log
2025-09-17 17:09:27,124 - INFO - context_portal_mcp.core.config - Database filename set to: context.db
2025-09-17 17:09:27,124 - INFO - context_portal_mcp.main - Using database filename: context.db
2025-09-17 17:09:27,124 - INFO - context_portal_mcp.main - Parsed CLI args: Namespace(host='127.0.0.1', port=8000, workspace_id='/Users/matthewgill/Artemis/learning-platform-api', auto_detect_workspace=True, workspace_search_start=None, no_auto_detect=False, mode='stdio', log_file='./logs/conport.log', db_path=None, base_path=None, db_filename='context.db', log_level='INFO')
2025-09-17 17:09:27,124 - INFO - context_portal_mcp.main - Starting ConPort in STDIO mode with workspace detection enabled
2025-09-17 17:09:27,124 - INFO - context_portal_mcp.core.workspace_detector - Workspace detected by strong indicators: /Users/matthewgill/Artemis/learning-platform-api
2025-09-17 17:09:27,124 - INFO - context_portal_mcp.main - Workspace detection details: {'start_path': '/Users/matthewgill/Artemis/learning-platform-api', 'detected_workspace': '/Users/matthewgill/Artemis/learning-platform-api', 'context_portal_path': '/Users/matthewgill/Artemis/learning-platform-api/context_portal', 'detection_method': 'strong_indicators', 'indicators_found': ['.git', 'requirements.txt', '.gitignore', 'README.md'], 'environment_variables': {'VSCODE_WORKSPACE_FOLDER': None, 'CONPORT_WORKSPACE': None, 'PWD': '/Users/matthewgill/Artemis/learning-platform-api', 'CWD': '/Users/matthewgill/Artemis/learning-platform-api'}}
2025-09-17 17:09:27,124 - INFO - context_portal_mcp.main - Effective workspace ID: /Users/matthewgill/Artemis/learning-platform-api
2025-09-17 17:09:27,124 - INFO - context_portal_mcp.main - Pre-warming database connection for workspace: /Users/matthewgill/Artemis/learning-platform-api
2025-09-17 17:09:27,124 - INFO - context_portal_mcp.db.database - Alembic.ini not found. Creating at /Users/matthewgill/Artemis/learning-platform-api/context_portal/alembic.ini
2025-09-17 17:09:27,124 - INFO - context_portal_mcp.db.database - Alembic env.py not found. Creating at /Users/matthewgill/Artemis/learning-platform-api/context_portal/alembic/env.py
2025-09-17 17:09:27,124 - INFO - context_portal_mcp.db.database - Initial schema not found. Creating at /Users/matthewgill/Artemis/learning-platform-api/context_portal/alembic/versions/2025_06_17_initial_schema.py
2025-09-17 17:09:27,125 - INFO - context_portal_mcp.db.database - Alembic: Script directory /Users/matthewgill/Artemis/learning-platform-api/context_portal/alembic confirmed to exist by Python.
2025-09-17 17:09:27,125 - INFO - context_portal_mcp.db.database - Running Alembic migrations for database: /Users/matthewgill/Artemis/learning-platform-api/context_portal/context.db
2025-10-01 16:05:07,353 - INFO - context_portal_mcp.main - File logging configured to: /Users/matthewgill/Artemis/learning-platform-api/context_portal/./logs/conport.log
2025-10-01 16:05:07,353 - INFO - context_portal_mcp.core.config - Database filename set to: context.db
2025-10-01 16:05:07,353 - INFO - context_portal_mcp.main - Using database filename: context.db
2025-10-01 16:05:07,353 - INFO - context_portal_mcp.main - Parsed CLI args: Namespace(host='127.0.0.1', port=8000, workspace_id='/Users/matthewgill/Artemis/learning-platform-api', auto_detect_workspace=True, workspace_search_start=None, no_auto_detect=False, mode='stdio', log_file='./logs/conport.log', db_path=None, base_path=None, db_filename='context.db', log_level='INFO')
2025-10-01 16:05:07,353 - INFO - context_portal_mcp.main - Starting ConPort in STDIO mode with workspace detection enabled
2025-10-01 16:05:07,353 - INFO - context_portal_mcp.core.workspace_detector - Workspace detected by strong indicators: /Users/matthewgill/Artemis/learning-platform-api
2025-10-01 16:05:07,353 - INFO - context_portal_mcp.main - Workspace detection details: {'start_path': '/Users/matthewgill/Artemis/learning-platform-api', 'detected_workspace': '/Users/matthewgill/Artemis/learning-platform-api', 'context_portal_path': '/Users/matthewgill/Artemis/learning-platform-api/context_portal', 'detection_method': 'strong_indicators', 'indicators_found': ['.git', 'requirements.txt', '.gitignore', 'README.md'], 'environment_variables': {'VSCODE_WORKSPACE_FOLDER': None, 'CONPORT_WORKSPACE': None, 'PWD': '/Users/matthewgill/Artemis/learning-platform-api', 'CWD': '/Users/matthewgill/Artemis/learning-platform-api'}}
2025-10-01 16:05:07,353 - INFO - context_portal_mcp.main - Effective workspace ID: /Users/matthewgill/Artemis/learning-platform-api
2025-10-01 16:05:07,353 - INFO - context_portal_mcp.main - Pre-warming database connection for workspace: /Users/matthewgill/Artemis/learning-platform-api
2025-10-01 16:05:07,354 - INFO - context_portal_mcp.db.database - Alembic: Script directory /Users/matthewgill/Artemis/learning-platform-api/context_portal/alembic confirmed to exist by Python.
2025-10-01 16:05:07,354 - INFO - context_portal_mcp.db.database - Running Alembic migrations for database: /Users/matthewgill/Artemis/learning-platform-api/context_portal/context.db
2025-10-08 16:27:47,032 - INFO - context_portal_mcp.main - File logging configured to: /Users/matthewgill/Artemis/learning-platform-api/context_portal/./logs/conport.log
2025-10-08 16:27:47,032 - INFO - context_portal_mcp.core.config - Database filename set to: context.db
2025-10-08 16:27:47,032 - INFO - context_portal_mcp.main - Using database filename: context.db
2025-10-08 16:27:47,032 - INFO - context_portal_mcp.main - Parsed CLI args: Namespace(host='127.0.0.1', port=8000, workspace_id='/Users/matthewgill/Artemis/learning-platform-api', auto_detect_workspace=True, workspace_search_start=None, no_auto_detect=False, mode='stdio', log_file='./logs/conport.log', db_path=None, base_path=None, db_filename='context.db', log_level='INFO')
2025-10-08 16:27:47,032 - INFO - context_portal_mcp.main - Starting ConPort in STDIO mode with workspace detection enabled
2025-10-08 16:27:47,033 - INFO - context_portal_mcp.core.workspace_detector - Workspace detected by strong indicators: /Users/matthewgill/Artemis/learning-platform-api
2025-10-08 16:27:47,033 - INFO - context_portal_mcp.main - Workspace detection details: {'start_path': '/Users/matthewgill/Artemis/learning-platform-api', 'detected_workspace': '/Users/matthewgill/Artemis/learning-platform-api', 'context_portal_path': '/Users/matthewgill/Artemis/learning-platform-api/context_portal', 'detection_method': 'strong_indicators', 'indicators_found': ['.git', 'requirements.txt', '.gitignore', 'README.md'], 'environment_variables': {'VSCODE_WORKSPACE_FOLDER': None, 'CONPORT_WORKSPACE': None, 'PWD': '/Users/matthewgill/Artemis/learning-platform-api', 'CWD': '/Users/matthewgill/Artemis/learning-platform-api'}}
2025-10-08 16:27:47,033 - INFO - context_portal_mcp.main - Effective workspace ID: /Users/matthewgill/Artemis/learning-platform-api
2025-10-08 16:27:47,033 - INFO - context_portal_mcp.main - Pre-warming database connection for workspace: /Users/matthewgill/Artemis/learning-platform-api
2025-10-08 16:27:47,033 - INFO - context_portal_mcp.db.database - Alembic: Script directory /Users/matthewgill/Artemis/learning-platform-api/context_portal/alembic confirmed to exist by Python.
2025-10-08 16:27:47,033 - INFO - context_portal_mcp.db.database - Running Alembic migrations for database: /Users/matthewgill/Artemis/learning-platform-api/context_portal/context.db
2025-10-08 16:31:22,880 - INFO - context_portal_mcp.main - File logging configured to: /Users/matthewgill/Artemis/learning-platform-api/context_portal/./logs/conport.log
2025-10-08 16:31:22,880 - INFO - context_portal_mcp.core.config - Database filename set to: context.db
2025-10-08 16:31:22,880 - INFO - context_portal_mcp.main - Using database filename: context.db
2025-10-08 16:31:22,880 - INFO - context_portal_mcp.main - Parsed CLI args: Namespace(host='127.0.0.1', port=8000, workspace_id='/Users/matthewgill/Artemis/learning-platform-api', auto_detect_workspace=True, workspace_search_start=None, no_auto_detect=False, mode='stdio', log_file='./logs/conport.log', db_path=None, base_path=None, db_filename='context.db', log_level='INFO')
2025-10-08 16:31:22,881 - INFO - context_portal_mcp.main - Starting ConPort in STDIO mode with workspace detection enabled
2025-10-08 16:31:22,881 - INFO - context_portal_mcp.core.workspace_detector - Workspace detected by strong indicators: /Users/matthewgill/Artemis/learning-platform-api
2025-10-08 16:31:22,881 - INFO - context_portal_mcp.main - Workspace detection details: {'start_path': '/Users/matthewgill/Artemis/learning-platform-api', 'detected_workspace': '/Users/matthewgill/Artemis/learning-platform-api', 'context_portal_path': '/Users/matthewgill/Artemis/learning-platform-api/context_portal', 'detection_method': 'strong_indicators', 'indicators_found': ['.git', 'requirements.txt', '.gitignore', 'README.md'], 'environment_variables': {'VSCODE_WORKSPACE_FOLDER': None, 'CONPORT_WORKSPACE': None, 'PWD': '/Users/matthewgill/Artemis/learning-platform-api', 'CWD': '/Users/matthewgill/Artemis/learning-platform-api'}}
2025-10-08 16:31:22,881 - INFO - context_portal_mcp.main - Effective workspace ID: /Users/matthewgill/Artemis/learning-platform-api
2025-10-08 16:31:22,881 - INFO - context_portal_mcp.main - Pre-warming database connection for workspace: /Users/matthewgill/Artemis/learning-platform-api
2025-10-08 16:31:22,881 - INFO - context_portal_mcp.db.database - Alembic: Script directory /Users/matthewgill/Artemis/learning-platform-api/context_portal/alembic confirmed to exist by Python.
2025-10-08 16:31:22,881 - INFO - context_portal_mcp.db.database - Running Alembic migrations for database: /Users/matthewgill/Artemis/learning-platform-api/context_portal/context.db
2025-10-08 16:31:37,407 - INFO - context_portal_mcp.main - File logging configured to: /Users/matthewgill/Artemis/learning-platform-api/context_portal/./logs/conport.log
2025-10-08 16:31:37,407 - INFO - context_portal_mcp.core.config - Database filename set to: context.db
2025-10-08 16:31:37,407 - INFO - context_portal_mcp.main - Using database filename: context.db
2025-10-08 16:31:37,407 - INFO - context_portal_mcp.main - Parsed CLI args: Namespace(host='127.0.0.1', port=8000, workspace_id='/Users/matthewgill/Artemis/learning-platform-api', auto_detect_workspace=True, workspace_search_start=None, no_auto_detect=False, mode='stdio', log_file='./logs/conport.log', db_path=None, base_path=None, db_filename='context.db', log_level='INFO')
2025-10-08 16:31:37,407 - INFO - context_portal_mcp.main - Starting ConPort in STDIO mode with workspace detection enabled
2025-10-08 16:31:37,407 - INFO - context_portal_mcp.core.workspace_detector - Workspace detected by strong indicators: /Users/matthewgill/Artemis/learning-platform-api
2025-10-08 16:31:37,407 - INFO - context_portal_mcp.main - Workspace detection details: {'start_path': '/Users/matthewgill/Artemis/learning-platform-api', 'detected_workspace': '/Users/matthewgill/Artemis/learning-platform-api', 'context_portal_path': '/Users/matthewgill/Artemis/learning-platform-api/context_portal', 'detection_method': 'strong_indicators', 'indicators_found': ['.git', 'requirements.txt', '.gitignore', 'README.md'], 'environment_variables': {'VSCODE_WORKSPACE_FOLDER': None, 'CONPORT_WORKSPACE': None, 'PWD': '/Users/matthewgill/Artemis/learning-platform-api', 'CWD': '/Users/matthewgill/Artemis/learning-platform-api'}}
2025-10-08 16:31:37,407 - INFO - context_portal_mcp.main - Effective workspace ID: /Users/matthewgill/Artemis/learning-platform-api
2025-10-08 16:31:37,407 - INFO - context_portal_mcp.main - Pre-warming database connection for workspace: /Users/matthewgill/Artemis/learning-platform-api
2025-10-08 16:31:37,407 - INFO - context_portal_mcp.db.database - Alembic: Script directory /Users/matthewgill/Artemis/learning-platform-api/context_portal/alembic confirmed to exist by Python.
2025-10-08 16:31:37,407 - INFO - context_portal_mcp.db.database - Running Alembic migrations for database: /Users/matthewgill/Artemis/learning-platform-api/context_portal/context.db
2025-10-08 16:41:21,089 - INFO - context_portal_mcp.main - File logging configured to: /Users/matthewgill/Artemis/learning-platform-api/context_portal/./logs/conport.log
2025-10-08 16:41:21,089 - INFO - context_portal_mcp.core.config - Database filename set to: context.db
2025-10-08 16:41:21,089 - INFO - context_portal_mcp.main - Using database filename: context.db
2025-10-08 16:41:21,089 - INFO - context_portal_mcp.main - Parsed CLI args: Namespace(host='127.0.0.1', port=8000, workspace_id='/Users/matthewgill/Artemis/learning-platform-api', auto_detect_workspace=True, workspace_search_start=None, no_auto_detect=False, mode='stdio', log_file='./logs/conport.log', db_path=None, base_path=None, db_filename='context.db', log_level='INFO')
2025-10-08 16:41:21,089 - INFO - context_portal_mcp.main - Starting ConPort in STDIO mode with workspace detection enabled
2025-10-08 16:41:21,089 - INFO - context_portal_mcp.core.workspace_detector - Workspace detected by strong indicators: /Users/matthewgill/Artemis/learning-platform-api
2025-10-08 16:41:21,089 - INFO - context_portal_mcp.main - Workspace detection details: {'start_path': '/Users/matthewgill/Artemis/learning-platform-api', 'detected_workspace': '/Users/matthewgill/Artemis/learning-platform-api', 'context_portal_path': '/Users/matthewgill/Artemis/learning-platform-api/context_portal', 'detection_method': 'strong_indicators', 'indicators_found': ['.git', 'requirements.txt', '.gitignore', 'README.md'], 'environment_variables': {'VSCODE_WORKSPACE_FOLDER': None, 'CONPORT_WORKSPACE': None, 'PWD': '/Users/matthewgill/Artemis/learning-platform-api', 'CWD': '/Users/matthewgill/Artemis/learning-platform-api'}}
2025-10-08 16:41:21,089 - INFO - context_portal_mcp.main - Effective workspace ID: /Users/matthewgill/Artemis/learning-platform-api
2025-10-08 16:41:21,089 - INFO - context_portal_mcp.main - Pre-warming database connection for workspace: /Users/matthewgill/Artemis/learning-platform-api
2025-10-08 16:41:21,090 - INFO - context_portal_mcp.db.database - Alembic: Script directory /Users/matthewgill/Artemis/learning-platform-api/context_portal/alembic confirmed to exist by Python.
2025-10-08 16:41:21,090 - INFO - context_portal_mcp.db.database - Running Alembic migrations for database: /Users/matthewgill/Artemis/learning-platform-api/context_portal/context.db
2025-10-08 16:47:43,423 - INFO - context_portal_mcp.main - File logging configured to: /Users/matthewgill/Artemis/learning-platform-api/context_portal/./logs/conport.log
2025-10-08 16:47:43,423 - INFO - context_portal_mcp.core.config - Database filename set to: context.db
2025-10-08 16:47:43,423 - INFO - context_portal_mcp.main - Using database filename: context.db
2025-10-08 16:47:43,423 - INFO - context_portal_mcp.main - Parsed CLI args: Namespace(host='127.0.0.1', port=8000, workspace_id='/Users/matthewgill/Artemis/learning-platform-api', auto_detect_workspace=True, workspace_search_start=None, no_auto_detect=False, mode='stdio', log_file='./logs/conport.log', db_path=None, base_path=None, db_filename='context.db', log_level='INFO')
2025-10-08 16:47:43,423 - INFO - context_portal_mcp.main - Starting ConPort in STDIO mode with workspace detection enabled
2025-10-08 16:47:43,423 - INFO - context_portal_mcp.core.workspace_detector - Workspace detected by strong indicators: /Users/matthewgill/Artemis/learning-platform-api
2025-10-08 16:47:43,423 - INFO - context_portal_mcp.main - Workspace detection details: {'start_path': '/Users/matthewgill/Artemis/learning-platform-api', 'detected_workspace': '/Users/matthewgill/Artemis/learning-platform-api', 'context_portal_path': '/Users/matthewgill/Artemis/learning-platform-api/context_portal', 'detection_method': 'strong_indicators', 'indicators_found': ['.git', 'requirements.txt', '.gitignore', 'README.md'], 'environment_variables': {'VSCODE_WORKSPACE_FOLDER': None, 'CONPORT_WORKSPACE': None, 'PWD': '/Users/matthewgill/Artemis/learning-platform-api', 'CWD': '/Users/matthewgill/Artemis/learning-platform-api'}}
2025-10-08 16:47:43,423 - INFO - context_portal_mcp.main - Effective workspace ID: /Users/matthewgill/Artemis/learning-platform-api
2025-10-08 16:47:43,423 - INFO - context_portal_mcp.main - Pre-warming database connection for workspace: /Users/matthewgill/Artemis/learning-platform-api
2025-10-08 16:47:43,424 - INFO - context_portal_mcp.db.database - Alembic: Script directory /Users/matthewgill/Artemis/learning-platform-api/context_portal/alembic confirmed to exist by Python.
2025-10-08 16:47:43,424 - INFO - context_portal_mcp.db.database - Running Alembic migrations for database: /Users/matthewgill/Artemis/learning-platform-api/context_portal/context.db
2025-10-08 17:03:24,120 - INFO - context_portal_mcp.main - File logging configured to: /Users/matthewgill/Artemis/learning-platform-api/context_portal/./logs/conport.log
2025-10-08 17:03:24,120 - INFO - context_portal_mcp.core.config - Database filename set to: context.db
2025-10-08 17:03:24,120 - INFO - context_portal_mcp.main - Using database filename: context.db
2025-10-08 17:03:24,120 - INFO - context_portal_mcp.main - Parsed CLI args: Namespace(host='127.0.0.1', port=8000, workspace_id='/Users/matthewgill/Artemis/learning-platform-api', auto_detect_workspace=True, workspace_search_start=None, no_auto_detect=False, mode='stdio', log_file='./logs/conport.log', db_path=None, base_path=None, db_filename='context.db', log_level='INFO')
2025-10-08 17:03:24,120 - INFO - context_portal_mcp.main - Starting ConPort in STDIO mode with workspace detection enabled
2025-10-08 17:03:24,120 - INFO - context_portal_mcp.core.workspace_detector - Workspace detected by strong indicators: /Users/matthewgill/Artemis/learning-platform-api
2025-10-08 17:03:24,120 - INFO - context_portal_mcp.main - Workspace detection details: {'start_path': '/Users/matthewgill/Artemis/learning-platform-api', 'detected_workspace': '/Users/matthewgill/Artemis/learning-platform-api', 'context_portal_path': '/Users/matthewgill/Artemis/learning-platform-api/context_portal', 'detection_method': 'strong_indicators', 'indicators_found': ['.git', 'requirements.txt', '.gitignore', 'README.md'], 'environment_variables': {'VSCODE_WORKSPACE_FOLDER': None, 'CONPORT_WORKSPACE': None, 'PWD': '/Users/matthewgill/Artemis/learning-platform-api', 'CWD': '/Users/matthewgill/Artemis/learning-platform-api'}}
2025-10-08 17:03:24,120 - INFO - context_portal_mcp.main - Effective workspace ID: /Users/matthewgill/Artemis/learning-platform-api
2025-10-08 17:03:24,120 - INFO - context_portal_mcp.main - Pre-warming database connection for workspace: /Users/matthewgill/Artemis/learning-platform-api
2025-10-08 17:03:24,121 - INFO - context_portal_mcp.db.database - Alembic: Script directory /Users/matthewgill/Artemis/learning-platform-api/context_portal/alembic confirmed to exist by Python.
2025-10-08 17:03:24,121 - INFO - context_portal_mcp.db.database - Running Alembic migrations for database: /Users/matthewgill/Artemis/learning-platform-api/context_portal/context.db
2025-10-08 17:23:08,611 - INFO - context_portal_mcp.main - File logging configured to: /Users/matthewgill/Artemis/learning-platform-api/context_portal/./logs/conport.log
2025-10-08 17:23:08,611 - INFO - context_portal_mcp.core.config - Database filename set to: context.db
2025-10-08 17:23:08,611 - INFO - context_portal_mcp.main - Using database filename: context.db
2025-10-08 17:23:08,611 - INFO - context_portal_mcp.main - Parsed CLI args: Namespace(host='127.0.0.1', port=8000, workspace_id='/Users/matthewgill/Artemis/learning-platform-api', auto_detect_workspace=True, workspace_search_start=None, no_auto_detect=False, mode='stdio', log_file='./logs/conport.log', db_path=None, base_path=None, db_filename='context.db', log_level='INFO')
2025-10-08 17:23:08,611 - INFO - context_portal_mcp.main - Starting ConPort in STDIO mode with workspace detection enabled
2025-10-08 17:23:08,611 - INFO - context_portal_mcp.core.workspace_detector - Workspace detected by strong indicators: /Users/matthewgill/Artemis/learning-platform-api
2025-10-08 17:23:08,612 - INFO - context_portal_mcp.main - Workspace detection details: {'start_path': '/Users/matthewgill/Artemis/learning-platform-api', 'detected_workspace': '/Users/matthewgill/Artemis/learning-platform-api', 'context_portal_path': '/Users/matthewgill/Artemis/learning-platform-api/context_portal', 'detection_method': 'strong_indicators', 'indicators_found': ['.git', 'requirements.txt', '.gitignore', 'README.md'], 'environment_variables': {'VSCODE_WORKSPACE_FOLDER': None, 'CONPORT_WORKSPACE': None, 'PWD': '/Users/matthewgill/Artemis/learning-platform-api', 'CWD': '/Users/matthewgill/Artemis/learning-platform-api'}}
2025-10-08 17:23:08,612 - INFO - context_portal_mcp.main - Effective workspace ID: /Users/matthewgill/Artemis/learning-platform-api
2025-10-08 17:23:08,612 - INFO - context_portal_mcp.main - Pre-warming database connection for workspace: /Users/matthewgill/Artemis/learning-platform-api
2025-10-08 17:23:08,612 - INFO - context_portal_mcp.db.database - Alembic: Script directory /Users/matthewgill/Artemis/learning-platform-api/context_portal/alembic confirmed to exist by Python.
2025-10-08 17:23:08,612 - INFO - context_portal_mcp.db.database - Running Alembic migrations for database: /Users/matthewgill/Artemis/learning-platform-api/context_portal/context.db
